# semiconductor "capacitor" test 
#               v(1)           v(2)           c(c2)         
 27.            2.             2.             10.p          
#Time           v(1)           v(2)          
 0.             0.             0.            
 20.p           0.             0.            
 2.n            0.499999995    0.0450409459  
 3.98n          0.999999992    0.172049036   
 4.n            0.999999992    0.173703284   
 6.n            0.999999993    0.323939049   
 8.n            0.999999994    0.446859221   
 10.n           0.999999995    0.547430271   
 12.n           0.999999996    0.629715675   
 14.n           0.999999997    0.697040097   
 16.n           0.999999998    0.752123715   
 18.n           0.999999998    0.79719213    
 20.n           0.999999998    0.834066288   
#Freq           v(1)           v(2)           vp(2)          vdb(2)        
 15.9Meg        0.999999995    0.707451058   -44.9720969    -3.00607199    
#Freq           v(1)           v(2)           vp(2)          vdb(2)        
 1.Meg          1.             0.998031904   -3.59527382    -0.0171115047  
 2.15443469Meg  1.             0.990961895   -7.70910499    -0.0788608969  
 4.64158883Meg  0.999999999    0.960006976   -16.2587771    -0.354512219   
 10.Meg         0.999999997    0.846733014   -32.1419079    -1.44507014    
 21.5443469Meg  0.999999994    0.594183687   -53.5455391    -4.52158551    
 46.4158883Meg  0.999999991    0.324351228   -71.0737261    -9.77968908    
 100.Meg        0.99999999     0.157176724   -80.956939     -16.0722354    
 215.443469Meg  0.99999999     0.0736724291  -85.7750529    -22.6539002    
 464.158883Meg  0.99999999     0.0342687533  -88.0361606    -29.3020339    
 1.G            0.99999999     0.0159134788  -89.0881863    -35.9646974    
v1 ( 1 0 )  TRAN pwl( 0., 0.  1.999999n, 0.  2.000001n, 1. )  DC  2.  AC  1.
r1 ( 1 2 )  1.K
c2 ( 2 0 ) t1 l= 1.u w= 2.u
.model t1 c ( cj=5 cjsw=NA( 0.) narrow=NA( 0.) defw=NA( 1.u) tc1=NA( 0.) tc2=NA( 0.) tnom=NA( 27.))
Gnucap   System status
iterations: op=4, dc=0, tran=49, fourier=0, total=77
transient timesteps: accepted=13, rejected=0, total=13
nodes: user=2, subckt=0, model=0, total=2
dctran density=100.0%, ac density=100.0%
