'c check 
v1 ( 1 0 ) pulse iv= 0. pv= 1. delay= 0. rise= 100.u fall= 100.u width= 1.K period= 1.K  AC  1.
r1 ( 1 2 )  1.
c2 ( 2 0 )  0.01
#Time       v(1)       v(2)      
 0.         0.         0.        
 0.001      0.99999    0.090641  
 0.002      0.99999    0.17725   
 0.003      0.99999    0.2556    
 0.004      0.99999    0.3265    
 0.005      0.99999    0.39064   
 0.006      0.99999    0.44867   
 0.007      1.         0.50118   
 0.008      1.         0.54869   
 0.009      1.         0.59167   
 0.01       1.         0.63056   
#Time       v(1)       v(2)      
 0.         0.         0.        
 0.01       1.         0.63258   
 0.02       1.         0.86611   
 0.03       1.         0.9518    
 0.04       1.         0.98265   
 0.05       1.         0.99422   
 0.06       1.         0.99807   
 0.07       1.         0.99936   
 0.08       1.         0.99979   
 0.09       1.         0.99993   
 0.1        1.         0.99998   
#Time       v(1)       v(2)      
 0.         0.         0.        
 0.1        1.         0.99999   
 0.2        1.         1.        
 0.3        1.         1.        
 0.4        1.         1.        
 0.5        1.         1.        
 0.6        1.         1.        
 0.7        1.         1.        
 0.8        1.         1.        
 0.9        1.         1.        
 1.         1.         1.        
#Time       v(1)       v(2)      
 0.         0.         0.        
 1.         1.         1.        
 2.         1.         0.99999   
 3.         1.         1.        
 4.         1.         1.        
 5.         1.         1.        
 6.         1.         1.        
 7.         1.         1.        
 8.         1.         1.        
 9.         1.         1.        
 10.        1.         1.        
Gnucap   System status
iterations: op=0, dc=0, tran=131, fourier=0, total=588
transient timesteps: accepted=129, rejected=19, total=148
nodes: user=2, subckt=0, model=0, total=2
dctran density=100.0%, ac density=100.0%
