nmos n gate, saturated, js specified (unreasonable value) default bulk cap 
cmosn: rsh - rs - rd conflict: using rsh
#           v(2)       v(3)       v(4)       iter(0)   
 27.        2.0069     5.         629.f      7.        
#           i(Vds)     i(Vbs)     ps(Vds)    ps(Vbs)   
 27.       -29.931u    62.853n    149.66u    0.        
#           id(M1)     vgs(M1)    vds(M1)    vbs(M1)    vth(M1)    vdsat(M1) 
 27.        29.931u    2.0069     2.0069     628.53f    0.84435    1.1625    
#           gm(M1)     gds(M1)    gmb(M1)    cbd(M1)    cbs(M1)   
 27.        51.384u    0.         28.627u    0.         0.        
#           cgsovl(M1) cgdovl(M1) cgbovl(M1) cgate(M1)  region(M1)
 27.        1.9707f    0.         0.         62.973f    7.        
#           cgs(M1)    cgd(M1)    cgb(M1)    vgst(M1)   von(M1)   
 27.        41.982f    0.         0.         1.1625     0.84435   
#           cgst(M1)   cgdt(M1)   cgbt(M1)   is(M1)     ig(M1)     ib(M1)    
 27.        43.953f    0.         0.        -29.868u    0.         62.853n   
#           p(M1)      pd(M1)     ps(M1)     ids(M1)    idstray(M1) iderror(M1)
 27.        60.068u    60.068u    0.         29.868u   -62.853n    ??        
#           vdm(M1)    vgm(M1)    vbm(M1)    vsm(M1)   
 27.        1.0034     1.0034    -1.0034    -1.0034    
#           vd(M1)     vg(M1)     vb(M1)     vs(M1)    
 27.        2.0069     2.0069     628.53f    0.        
#           v(M1.Ddb)  i(M1.Ddb)  p(M1.Ddb)  cap(M1.Ddb) r(M1.Ddb)  region(M1.Ddb)
 27.       -2.0069    -62.853n    126.14n    0.         31.93Meg  -1.        
#           v(M1.Dsb)  i(M1.Dsb)  p(M1.Dsb)  cap(M1.Dsb) r(M1.Dsb)  region(M1.Dsb)
 27.        628.53f    20.E-21    0.         0.         31.93Meg   1.        
Gnucap   System status
iterations: op=7, dc=0, tran=0, fourier=0, total=84
transient timesteps: accepted=0, rejected=0, total=0
nodes: user=3, subckt=0, model=0, total=3
dctran density=77.8%, ac density=77.8%
