nmos n gate 
cmosn: rsh - rs - rd conflict: using rsh
cmosn: is - js conflict
#           v(2)       v(3)       iter(0)   
 27.        2.0079     5.         7.        
#           i(Vds)     ps(Vds)   
 27.       -29.921u    149.6u    
#           id(M1)     vgs(M1)    vds(M1)    vbs(M1)    vth(M1)    vdsat(M1) 
 27.        29.921u    2.0079     2.0079     0.         0.84435    1.1636    
#           gm(M1)     gds(M1)    gmb(M1)    cbd(M1)    cbs(M1)   
 27.        51.43u     0.         28.652u    0.         0.        
#           cgsovl(M1) cgdovl(M1) cgbovl(M1) cgate(M1)  region(M1)
 27.        1.9707f    0.         0.         62.973f    7.        
#           cgs(M1)    cgd(M1)    cgb(M1)    vgst(M1)   von(M1)   
 27.        41.982f    0.         0.         1.1636     0.84435   
#           cgst(M1)   cgdt(M1)   cgbt(M1)   is(M1)     ig(M1)     ib(M1)    
 27.        43.953f    0.         0.        -29.921u    0.         0.        
#           p(M1)      pd(M1)     ps(M1)     ids(M1)    idstray(M1) iderror(M1)
 27.        60.078u    60.078u    0.         29.921u    0.         ??        
#           vdm(M1)    vgm(M1)    vbm(M1)    vsm(M1)   
 27.        1.004      1.004     -1.004     -1.004     
#           vd(M1)     vg(M1)     vb(M1)     vs(M1)    
 27.        2.0079     2.0079     0.         0.        
Gnucap   System status
iterations: op=7, dc=0, tran=0, fourier=0, total=70
transient timesteps: accepted=0, rejected=0, total=0
nodes: user=2, subckt=0, model=0, total=2
dctran density=100.0%, ac density=100.0%
