Test of MOS BSIM2 implementation; DC transfer curve 
#           I(V1)      I(V2)      I(V3)      I(V4)      I(V5)     
 0.         0.         0.         0.         0.         0.        
 0.2        0.         0.         0.         0.         0.        
 0.4        623.81p    0.         0.         0.         0.        
 0.6        122.37n    0.         0.         0.         0.        
 0.8        2.6904u    0.         0.         0.         0.        
 1.         7.4749u    94.028n    0.         0.         0.        
 1.2        12.537u    3.253u     2.0553n    0.         0.        
 1.4        17.421u    8.3849u    1.2574u    0.         0.        
 1.6        22.134u    13.468u    6.2258u    397.06n    0.        
 1.8        26.674u    18.36u     11.456u    5.077u     180.13n   
 2.         31.039u    23.064u    16.47u     10.419u    4.584u    
 2.2        35.227u    27.577u    21.279u    15.526u    10.013u   
 2.4        39.237u    31.898u    25.882u    20.41u     15.191u   
 2.6        43.07u     36.026u    30.276u    25.07u     20.127u   
 2.8        46.726u    39.961u    34.461u    29.505u    24.822u   
 3.         50.206u    43.704u    38.437u    33.715u    29.274u   
 3.2        53.513u    47.256u    42.206u    37.699u    33.484u   
 3.4        56.649u    50.619u    45.769u    41.462u    37.454u   
 3.6        59.617u    53.798u    49.13u     45.004u    41.186u   
 3.8        62.422u    56.796u    52.294u    48.332u    44.685u   
 4.         65.067u    59.617u    55.265u    51.451u    47.956u   
 4.2        67.556u    62.266u    58.048u    54.365u    51.006u   
 4.4        69.895u    64.75u     60.65u     57.083u    53.843u   
 4.6        72.088u    67.072u    63.076u    59.61u     56.474u   
 4.8        74.14u     69.239u    65.333u    61.955u    58.907u   
 5.         76.057u    71.257u    67.429u    64.124u    61.151u   
