#Time      
r1: short circuit
r3: short circuit
 0.        
r2: short circuit
-1.        
r2: short circuit
-2.        
r2: short circuit
 0.        
 0.        
r2: short circuit
-1.        
r2: short circuit
-2.        
r2: short circuit
 0.009     
 0.        
r2: short circuit
-1.        
r2: short circuit
-2.        
r2: short circuit
 0.018     
 0.        
r2: short circuit
-1.        
r2: short circuit
-2.        
r2: short circuit
 0.9       
#Time       y(r1)      y(r2)      y(r3)     
 0.         100.K      100.K      100.K     
r1: short circuit
r2: short circuit
r3: short circuit
-1.         100.K      100.K      100.K     
r1: short circuit
r2: short circuit
r3: short circuit
 0.9        100.K      100.K      100.K     
 0.         100.K      100.K      100.K     
r1: short circuit
r2: short circuit
r3: short circuit
-1.         100.K      100.K      100.K     
r1: short circuit
r2: short circuit
r3: short circuit
-2.         100.K      100.K      100.K     
r1: short circuit
r2: short circuit
r3: short circuit
 0.901      100.K      100.K      100.K     
 0.         100.K      100.K      100.K     
r1: short circuit
r2: short circuit
r3: short circuit
-1.         100.K      100.K      100.K     
r1: short circuit
r2: short circuit
r3: short circuit
-2.         100.K      100.K      100.K     
r1: short circuit
r2: short circuit
r3: short circuit
 0.934      100.K      100.K      100.K     
 0.         100.K      100.K      100.K     
r1: short circuit
r2: short circuit
r3: short circuit
-1.         100.K      100.K      100.K     
r1: short circuit
r2: short circuit
r3: short circuit
-2.         100.K      100.K      100.K     
r1: short circuit
r2: short circuit
r3: short circuit
 0.967      100.K      100.K      100.K     
 0.         100.K      100.K      100.K     
r1: short circuit
r2: short circuit
r3: short circuit
-1.         100.K      100.K      100.K     
r1: short circuit
r2: short circuit
r3: short circuit
-2.         100.K      100.K      100.K     
r1: short circuit
r2: short circuit
r3: short circuit
 1.         100.K      100.K      100.K     
 0.         100.K      100.K      100.K     
r1: short circuit
r2: short circuit
r3: short circuit
-1.         100.K      100.K      100.K     
r1: short circuit
r2: short circuit
r3: short circuit
-2.         100.K      100.K      100.K     
r1: short circuit
r2: short circuit
r3: short circuit
 0.978      100.K      100.K      100.K     
 0.         100.K      100.K      100.K     
r1: short circuit
r2: short circuit
r3: short circuit
-1.         100.K      100.K      100.K     
r1: short circuit
r2: short circuit
r3: short circuit
-2.         100.K      100.K      100.K     
r1: short circuit
r2: short circuit
r3: short circuit
 0.989      100.K      100.K      100.K     
 0.         100.K      100.K      100.K     
r1: short circuit
r2: short circuit
r3: short circuit
-1.         100.K      100.K      100.K     
r1: short circuit
r2: short circuit
r3: short circuit
-2.         100.K      100.K      100.K     
r1: short circuit
r2: short circuit
r3: short circuit
 1.         100.K      100.K      100.K     
Gnucap   System status
iterations: op=0, dc=0, tran=23, fourier=0, total=47
transient timesteps: accepted=11, rejected=1, total=12
nodes: user=1, subckt=0, model=0, total=1
dctran density=100.0%, ac density=100.0%
