* subckt, param, diode test 
parameter isat not specified, using default
parameter isat not specified, using default
parameter isat not specified, using default
parameter isat not specified, using default
parameter isat not specified, using default
parameter isat not specified, using default
parameter isat not specified, using default
parameter isat not specified, using default
#           v(1)       v(2)       v(3)       v(4)       v(5)       v(6)       v(7)       v(8)       v(9)      
 27.        0.83376    0.71465    0.53599    0.83376    0.71465    0.53599    0.53599    0.53599    0.71465   
