' 
#Time       v(1)       v(2)       v(3)       v(4)       v(5)       v(6)      
 0.         0.         0.         1.         0.         2.         0.        
 0.1        1.         0.095184   1.         0.095184   2.         0.095184  
 0.2        1.         0.18136    1.         0.18136    2.         0.18136   
 0.3        1.         0.25932    1.         0.25932    2.         0.25932   
 0.4        1.         0.32986    1.         0.32986    2.         0.32986   
 0.5        1.         0.39369    1.         0.39369    2.         0.39369   
 0.6        1.         0.45143    1.         0.45143    2.         0.45143   
 0.7        1.         0.50368    1.         0.50368    2.         0.50368   
 0.8        1.         0.55094    1.         0.55094    2.         0.55094   
 0.9        1.         0.59371    1.         0.59371    2.         0.59371   
 1.         1.         0.63241    1.         0.63241    2.         0.63241   
Gnucap   System status
iterations: op=0, dc=0, tran=58, fourier=0, total=77
transient timesteps: accepted=16, rejected=3, total=19
nodes: user=6, subckt=0, model=0, total=6
dctran density=55.6%, ac density=55.6%
