"eval "string" "
"string"="string"
"param a="aaa" "
"eval a "
a=aaa
"param b={"aaa" + "bbb"} "
"eval b "
b=("bbb" + "aaa")
"param c={"aaa" == "bbb"} "
"eval c "
c= 0.
"param d={"aaa" == a} "
"eval d "
d=("aaa" == aaa)
"param e={exp("0.")} "
"eval e "
e=exp("0.")
"param f={exp(1.+"0.")} "
"eval f "
f=exp(("0." +  1.))
"param g={exp("aaa" == 0.)} "
"eval g "
g=exp(("aaa" ==  0.))
"param h={exp(0. == "aaa")} "
"eval h "
h=exp(( 0. == "aaa"))
"param i={exp(a == "aaa")} "
"eval i "
i=exp((aaa == "aaa"))
"param j={exp(0. != 0.)} "
"eval j "
j= 1.
"param k={"aaa bbb"} "
"eval k "
eval k 
     ^ ? can't convert to float
"* //BUG// does not work with spice get_line "
"param l={"aaa\"bbb"} "
"eval l "
eval l 
     ^ ? can't convert to float
"* //BUG// totally does not work with spice get_line "
"* param m=exp("aaa\"bbb") "
"* eval m "
"options nag "
"param n={"missing quote} "
>>>>>param n={"missing quote} 
"eval n "
>>>>>eval n 
"missing quote
              ^ ? end of file in quoted string
"missing quote
^ ? string begins here
eval n 
     ^ ? can't convert to float
