"param a1={2%3} "
"eval a1 "
a1= 2.
"param a2={2%3+1} "
"eval a2 "
a2= 3.
"param a3={c+2%3+b} "
"eval a3 "
a3=((c + 2) + b)
"param a4={(c+2)%3+b} "
"eval a4 "
a4=(((c + 2) % 3) + b)
"param a5={12*3%4*2.} "
"eval a5 "
a5= 0.
"param a6={exp(12*3%4*2.)} "
"eval a6 "
a6= 1.
