'parameter test 
 a= 1. b= 2. c= 3.
parameter d not specified, using default
parameter c+d not specified, using default
#           v(1)       v(2)       v(3)       iter(0)    r(r3)     
r3: short circuit
parameter d not specified, using default
parameter c+d not specified, using default
r2: short circuit
r3: short circuit
r2: short circuit
r3: short circuit
r2: short circuit
r3: short circuit
r2: short circuit
r3: short circuit
 27.        1.         3.3333u    0.         4.         10.u      
Gnucap   System status
iterations: op=4, dc=0, tran=0, fourier=0, total=4
transient timesteps: accepted=0, rejected=0, total=0
nodes: user=3, subckt=0, model=0, total=3
dctran density=55.6%, ac density=55.6%
