#           v(in)      v(out)    
 0.         1.5        4.5       
#           v(in)      v(out)    
 0.         1.5        0.        
 1.         1.5        1.5       
 2.         1.5        3.        
